[33m>[39m Building...
[32mΓêÜ[39m Building...
[35mPrerendered 0 static routes.[39m
Application bundle generation failed. [36.372 seconds] - 2026-05-14T19:46:46.233Z

node.exe : [1m[33m[33mΓû▓ [43;33m[[43;30mWARNING[43;33m][0m [1mDuplicate member "faceDetectionService" in 
class body[0m [duplicate-class-member]
At line:1 char:1
+ & "C:\Program Files\nodejs/node.exe" "C:\Program Files\nodejs/node_mo ...
+ ~~~~~~~~~~~~~~~~~~~~~~~~~~~~~~~~~~~~~~~~~~~~~~~~~~~~~~~~~~~~~~~~~~~~~
    + CategoryInfo          : NotSpecified: ([1m[33m[33mΓ...e-class-member]:String) [], RemoteException
    + FullyQualifiedErrorId : NativeCommandError
 

    src/app/features/dashboard/pages/decision-profile-page/decision-profile-page.component.ts:198:12:
[37m      198 Γöé     private [32mfaceDetectionService[37m = inject(FaceDetectionService);
          Γò╡             [32m~~~~~~~~~~~~~~~~~~~~[0m

  The original member "faceDetectionService" is here:

    src/app/features/dashboard/pages/decision-profile-page/decision-profile-page.component.ts:135:21:
[37m      135 Γöé     private readonly [32mfaceDetectionService[37m = inject(FaceDetectionS...
          Γò╡                      [32m~~~~~~~~~~~~~~~~~~~~[0m


[33mΓû▓ [43;33m[[43;30mWARNING[43;33m][0m [1mDuplicate member "isValidatingPhoto" in class body[0m 
[duplicate-class-member]

    src/app/features/dashboard/pages/decision-profile-page/decision-profile-page.component.ts:199:13:
[37m      199 Γöé     readonly [32misValidatingPhoto[37m = signal(false, ...(ngDevMode ? [{...
          Γò╡              [32m~~~~~~~~~~~~~~~~~[0m

  The original member "isValidatingPhoto" is here:

    src/app/features/dashboard/pages/decision-profile-page/decision-profile-page.component.ts:133:4:
[37m      133 Γöé     [32misValidatingPhoto[37m = signal(false, ...(ngDevMode ? [{ debugNam...
          Γò╡     [32m~~~~~~~~~~~~~~~~~[0m


[33mΓû▓ [43;33m[[43;30mWARNING[43;33m][0m [1mDuplicate member "faceDetectionService" in class body[0m 
[duplicate-class-member]

    src/app/features/dashboard/pages/decision-profile-page/decision-profile-page.component.ts:198:12:
[37m      198 Γöé     private [32mfaceDetectionService[37m = inject(FaceDetectionService);
          Γò╡             [32m~~~~~~~~~~~~~~~~~~~~[0m

  The original member "faceDetectionService" is here:

    src/app/features/dashboard/pages/decision-profile-page/decision-profile-page.component.ts:135:21:
[37m      135 Γöé     private readonly [32mfaceDetectionService[37m = inject(FaceDetectionS...
          Γò╡                      [32m~~~~~~~~~~~~~~~~~~~~[0m


[33mΓû▓ [43;33m[[43;30mWARNING[43;33m][0m [1mDuplicate member "isValidatingPhoto" in class body[0m 
[duplicate-class-member]

    src/app/features/dashboard/pages/decision-profile-page/decision-profile-page.component.ts:199:13:
[37m      199 Γöé     readonly [32misValidatingPhoto[37m = signal(false, ...(ngDevMode ? [{...
          Γò╡              [32m~~~~~~~~~~~~~~~~~[0m

  The original member "isValidatingPhoto" is here:

    src/app/features/dashboard/pages/decision-profile-page/decision-profile-page.component.ts:133:4:
[37m      133 Γöé     [32misValidatingPhoto[37m = signal(false, ...(ngDevMode ? [{ debugNam...
          Γò╡     [32m~~~~~~~~~~~~~~~~~[0m

[39m[22m
[1m[31m[31mX [41;31m[[41;97mERROR[41;31m][0m [1mTS2687: All declarations of 'isValidatingPhoto' must have 
identical modifiers.[0m [1m[35m[plugin angular-compiler][0m

    src/app/features/dashboard/pages/decision-profile-page/decision-profile-page.component.ts:29:2:
[37m      29 Γöé   [32misValidatingPhoto[37m = signal(false);
         Γò╡   [32m~~~~~~~~~~~~~~~~~[0m


[31mX [41;31m[[41;97mERROR[41;31m][0m [1mTS2687: All declarations of 'faceDetectionService' must have identical 
modifiers.[0m [1m[35m[plugin angular-compiler][0m

    src/app/features/dashboard/pages/decision-profile-page/decision-profile-page.component.ts:32:19:
[37m      32 Γöé   private readonly [32mfaceDetectionService[37m = inject(FaceDetectionServ...
         Γò╡                    [32m~~~~~~~~~~~~~~~~~~~~[0m


[31mX [41;31m[[41;97mERROR[41;31m][0m [1mTS2300: Duplicate identifier 'faceDetectionService'.[0m 
[1m[35m[plugin angular-compiler][0m

    src/app/features/dashboard/pages/decision-profile-page/decision-profile-page.component.ts:106:10:
[37m      106 Γöé   private [32mfaceDetectionService[37m = inject(FaceDetectionService);
          Γò╡           [32m~~~~~~~~~~~~~~~~~~~~[0m


[31mX [41;31m[[41;97mERROR[41;31m][0m [1mTS2687: All declarations of 'faceDetectionService' must have identical 
modifiers.[0m [1m[35m[plugin angular-compiler][0m

    src/app/features/dashboard/pages/decision-profile-page/decision-profile-page.component.ts:106:10:
[37m      106 Γöé   private [32mfaceDetectionService[37m = inject(FaceDetectionService);
          Γò╡           [32m~~~~~~~~~~~~~~~~~~~~[0m


[31mX [41;31m[[41;97mERROR[41;31m][0m [1mTS2300: Duplicate identifier 'isValidatingPhoto'.[0m [1m[35m[plugin 
angular-compiler][0m

    src/app/features/dashboard/pages/decision-profile-page/decision-profile-page.component.ts:107:11:
[37m      107 Γöé   readonly [32misValidatingPhoto[37m = signal(false);
          Γò╡            [32m~~~~~~~~~~~~~~~~~[0m


[31mX [41;31m[[41;97mERROR[41;31m][0m [1mTS2687: All declarations of 'isValidatingPhoto' must have identical 
modifiers.[0m [1m[35m[plugin angular-compiler][0m

    src/app/features/dashboard/pages/decision-profile-page/decision-profile-page.component.ts:107:11:
[37m      107 Γöé   readonly [32misValidatingPhoto[37m = signal(false);
          Γò╡            [32m~~~~~~~~~~~~~~~~~[0m

[39m[22m
